=== CST ===
DOCUMENT@0..94 {
  SUMMARY@0..15 {
    TEXT_LINE: "Compute values."@0..15
  }
  NEWLINE: "\n"@15..16
  BLANK_LINE: "\n"@16..17
  SECTION@17..93 {
    SECTION_HEADER@17..32 {
      NAME: "Returns"@17..24
      NEWLINE: "\n"@24..25
      UNDERLINE: "-------"@25..32
    }
    NEWLINE: "\n"@32..33
    ENTRY@33..61 {
      NAME: "x"@33..34
      WHITESPACE: " "@34..35
      COLON: ":"@35..36
      WHITESPACE: " "@36..37
      TYPE: "int"@37..40
      NEWLINE: "\n"@40..41
      WHITESPACE: "    "@41..45
      DESCRIPTION@45..61 {
        TEXT_LINE: "The first value."@45..61
      }
    }
    NEWLINE: "\n"@61..62
    ENTRY@62..93 {
      NAME: "y"@62..63
      WHITESPACE: " "@63..64
      COLON: ":"@64..65
      WHITESPACE: " "@65..66
      TYPE: "float"@66..71
      NEWLINE: "\n"@71..72
      WHITESPACE: "    "@72..76
      DESCRIPTION@76..93 {
        TEXT_LINE: "The second value."@76..93
      }
    }
  }
  NEWLINE: "\n"@93..94
}
=== EMIT ===
Compute values.

Returns
-------
x : int
    The first value.
y : float
    The second value.
