=== CST ===
DOCUMENT@0..46 {
  SUMMARY@0..8 {
    TEXT_LINE: "Summary."@0..8
  }
  NEWLINE: "\n"@8..9
  BLANK_LINE: "\n"@9..10
  SECTION@10..45 {
    SECTION_HEADER@10..25 {
      NAME: "Returns"@10..17
      NEWLINE: "\n"@17..18
      UNDERLINE: "-------"@18..25
    }
    NEWLINE: "\n"@25..26
    ENTRY@26..45 {
      RETURN_TYPE: "int"@26..29
      NEWLINE: "\n"@29..30
      WHITESPACE: "    "@30..34
      DESCRIPTION@34..45 {
        TEXT_LINE: "The result."@34..45
      }
    }
  }
  NEWLINE: "\n"@45..46
}
=== EMIT ===
Summary.

Returns
-------
int
    The result.
