=== CST ===
NUMPY_DOCSTRING@0..78 {
  SUMMARY@0..8 {
    TEXT_LINE: "Summary."@0..8
  }
  NEWLINE: "\n"@8..9
  BLANK_LINE: "\n"@9..10
  NUMPY_SECTION@10..77 {
    NUMPY_SECTION_HEADER@10..25 {
      NAME: "Returns"@10..17
      NEWLINE: "\n"@17..18
      UNDERLINE: "-------"@18..25
    }
    NEWLINE: "\n"@25..26
    NUMPY_RETURNS@26..77 {
      NAME: "result"@26..32
      WHITESPACE: " "@32..33
      COLON: ":"@33..34
      WHITESPACE: " "@34..35
      RETURN_TYPE: "int"@35..38
      NEWLINE: "\n"@38..39
      WHITESPACE: "    "@39..43
      DESCRIPTION@43..77 {
        TEXT_LINE: "First line."@43..54
        NEWLINE: "\n"@54..55
        BLANK_LINE: "\n"@55..56
        WHITESPACE: "    "@56..60
        TEXT_LINE: "Second paragraph."@60..77
      }
    }
  }
  NEWLINE: "\n"@77..78
}
=== EMIT ===
Summary.

Returns
-------
result : int
    First line.

    Second paragraph.
