=== CST ===
DOCUMENT@0..53 {
  SUMMARY@0..8 {
    TEXT_LINE: "Summary."@0..8
  }
  NEWLINE: "\n"@8..9
  BLANK_LINE: "\n"@9..10
  SECTION@10..52 {
    SECTION_HEADER@10..25 {
      NAME: "Returns"@10..17
      NEWLINE: "\n"@17..18
      UNDERLINE: "-------"@18..25
    }
    NEWLINE: "\n"@25..26
    ENTRY@26..52 {
      NAME: "result"@26..32
      COLON: ":"@32..33
      RETURN_TYPE: "int"@33..36
      NEWLINE: "\n"@36..37
      WHITESPACE: "    "@37..41
      DESCRIPTION@41..52 {
        TEXT_LINE: "The result."@41..52
      }
    }
  }
  NEWLINE: "\n"@52..53
}
=== EMIT ===
Summary.

Returns
-------
result : int
    The result.
