=== CST ===
NUMPY_DOCSTRING@0..48 {
  SUMMARY: "Summary."@0..8
  NEWLINE: "\n"@8..9
  BLANK_LINE: "\n"@9..10
  NUMPY_SECTION@10..47 {
    NUMPY_SECTION_HEADER@10..23 {
      NAME: "Yields"@10..16
      NEWLINE: "\n"@16..17
      UNDERLINE: "------"@17..23
    }
    NEWLINE: "\n"@23..24
    NUMPY_YIELDS@24..47 {
      RETURN_TYPE: "int"@24..27
      NEWLINE: "\n"@27..28
      WHITESPACE: "    "@28..32
      DESCRIPTION: "The next value."@32..47
    }
  }
  NEWLINE: "\n"@47..48
}
=== EMIT ===
Summary.

Yields
------
int
    The next value.
