=== CST ===
DOCUMENT@0..48 {
  SUMMARY@0..8 {
    TEXT_LINE: "Summary."@0..8
  }
  NEWLINE: "\n"@8..9
  BLANK_LINE: "\n"@9..10
  SECTION@10..47 {
    SECTION_HEADER@10..23 {
      NAME: "Yields"@10..16
      NEWLINE: "\n"@16..17
      UNDERLINE: "------"@17..23
    }
    NEWLINE: "\n"@23..24
    ENTRY@24..47 {
      RETURN_TYPE: "int"@24..27
      NEWLINE: "\n"@27..28
      WHITESPACE: "    "@28..32
      DESCRIPTION@32..47 {
        TEXT_LINE: "The next value."@32..47
      }
    }
  }
  NEWLINE: "\n"@47..48
}
=== EMIT ===
Summary.

Yields
------
int
    The next value.
