=== CST ===
DOCUMENT@0..78 {
  SUMMARY@0..8 {
    TEXT_LINE: "Summary."@0..8
  }
  NEWLINE: "\n"@8..9
  BLANK_LINE: "\n"@9..10
  SECTION@10..77 {
    SECTION_HEADER@10..23 {
      NAME: "Yields"@10..16
      NEWLINE: "\n"@16..17
      UNDERLINE: "------"@17..23
    }
    NEWLINE: "\n"@23..24
    ENTRY@24..50 {
      NAME: "index"@24..29
      WHITESPACE: " "@29..30
      COLON: ":"@30..31
      WHITESPACE: " "@31..32
      TYPE: "int"@32..35
      NEWLINE: "\n"@35..36
      WHITESPACE: "    "@36..40
      DESCRIPTION@40..50 {
        TEXT_LINE: "The index."@40..50
      }
    }
    NEWLINE: "\n"@50..51
    ENTRY@51..77 {
      NAME: "value"@51..56
      WHITESPACE: " "@56..57
      COLON: ":"@57..58
      WHITESPACE: " "@58..59
      TYPE: "str"@59..62
      NEWLINE: "\n"@62..63
      WHITESPACE: "    "@63..67
      DESCRIPTION@67..77 {
        TEXT_LINE: "The value."@67..77
      }
    }
  }
  NEWLINE: "\n"@77..78
}
=== EMIT ===
Summary.

Yields
------
index : int
    The index.
value : str
    The value.
