=== CST ===
NUMPY_DOCSTRING@0..130 {
  SUMMARY@0..14 {
    TEXT_LINE: "Brief summary."@0..14
  }
  NEWLINE: "\n"@14..15
  BLANK_LINE: "\n"@15..16
  NUMPY_SECTION@16..62 {
    NUMPY_SECTION_HEADER@16..37 {
      NAME: "parameters"@16..26
      NEWLINE: "\n"@26..27
      UNDERLINE: "----------"@27..37
    }
    NEWLINE: "\n"@37..38
    NUMPY_PARAMETER@38..62 {
      NAME: "x"@38..39
      WHITESPACE: " "@39..40
      COLON: ":"@40..41
      WHITESPACE: " "@41..42
      TYPE: "int"@42..45
      NEWLINE: "\n"@45..46
      WHITESPACE: "    "@46..50
      DESCRIPTION@50..62 {
        TEXT_LINE: "First param."@50..62
      }
    }
  }
  NEWLINE: "\n"@62..63
  BLANK_LINE: "\n"@63..64
  NUMPY_SECTION@64..99 {
    NUMPY_SECTION_HEADER@64..79 {
      NAME: "returns"@64..71
      NEWLINE: "\n"@71..72
      UNDERLINE: "-------"@72..79
    }
    NEWLINE: "\n"@79..80
    NUMPY_RETURNS@80..99 {
      RETURN_TYPE: "int"@80..83
      NEWLINE: "\n"@83..84
      WHITESPACE: "    "@84..88
      DESCRIPTION@88..99 {
        TEXT_LINE: "The result."@88..99
      }
    }
  }
  NEWLINE: "\n"@99..100
  BLANK_LINE: "\n"@100..101
  NUMPY_SECTION@101..129 {
    NUMPY_SECTION_HEADER@101..112 {
      NAME: "NOTES"@101..106
      NEWLINE: "\n"@106..107
      UNDERLINE: "-----"@107..112
    }
    NEWLINE: "\n"@112..113
    BODY_TEXT@113..129 {
      TEXT_LINE: "Some notes here."@113..129
    }
  }
  NEWLINE: "\n"@129..130
}
=== EMIT ===
Brief summary.

Parameters
----------
x : int
    First param.

Returns
-------
int
    The result.

Notes
-----
Some notes here.
