=== CST ===
NUMPY_DOCSTRING@0..96 {
  SUMMARY: "Summary."@0..8
  NUMPY_DEPRECATION@10..57 {
    DIRECTIVE_MARKER: ".."@10..12
    KEYWORD: "deprecated"@13..23
    DOUBLE_COLON: "::"@23..25
    VERSION: "1.6.0"@26..31
    DESCRIPTION: "Use new_func instead."@36..57
  }
  EXTENDED_SUMMARY: "Extended description of the function."@59..96
}
=== EMIT ===
Summary.

.. deprecated:: 1.6.0
    Use new_func instead.

Extended description of the function.
