=== CST ===
NUMPY_DOCSTRING@0..152 {
  SUMMARY: "Summary."@0..8
  NUMPY_SECTION@10..85 {
    NUMPY_SECTION_HEADER@10..47 {
      NAME: "Keyword Parameters"@10..28
      UNDERLINE: "------------------"@29..47
    }
    NUMPY_PARAMETER@48..85 {
      NAME: "timeout"@48..55
      COLON: ":"@56..57
      TYPE: "float"@58..63
      DESCRIPTION: "How long to wait."@68..85
    }
  }
  NUMPY_SECTION@87..113 {
    NUMPY_SECTION_HEADER@87..96 {
      NAME: "Todo"@87..91
      UNDERLINE: "----"@92..96
    }
    BODY_TEXT: "* Refactor this."@97..113
  }
  NUMPY_SECTION@115..152 {
    NUMPY_SECTION_HEADER@115..134 {
      NAME: "Attention"@115..124
      UNDERLINE: "---------"@125..134
    }
    BODY_TEXT: "Handle with care."@135..152
  }
}
=== EMIT ===
Summary.

Keyword Parameters
------------------
timeout : float
    How long to wait.

Todo
----
* Refactor this.

Attention
---------
Handle with care.
