=== CST ===
NUMPY_DOCSTRING@0..153 {
  SUMMARY@0..8 {
    TEXT_LINE: "Summary."@0..8
  }
  NEWLINE: "\n"@8..9
  BLANK_LINE: "\n"@9..10
  NUMPY_SECTION@10..85 {
    NUMPY_SECTION_HEADER@10..47 {
      NAME: "Keyword Parameters"@10..28
      NEWLINE: "\n"@28..29
      UNDERLINE: "------------------"@29..47
    }
    NEWLINE: "\n"@47..48
    NUMPY_PARAMETER@48..85 {
      NAME: "timeout"@48..55
      WHITESPACE: " "@55..56
      COLON: ":"@56..57
      WHITESPACE: " "@57..58
      TYPE: "float"@58..63
      NEWLINE: "\n"@63..64
      WHITESPACE: "    "@64..68
      DESCRIPTION@68..85 {
        TEXT_LINE: "How long to wait."@68..85
      }
    }
  }
  NEWLINE: "\n"@85..86
  BLANK_LINE: "\n"@86..87
  NUMPY_SECTION@87..113 {
    NUMPY_SECTION_HEADER@87..96 {
      NAME: "Todo"@87..91
      NEWLINE: "\n"@91..92
      UNDERLINE: "----"@92..96
    }
    NEWLINE: "\n"@96..97
    BODY_TEXT@97..113 {
      TEXT_LINE: "* Refactor this."@97..113
    }
  }
  NEWLINE: "\n"@113..114
  BLANK_LINE: "\n"@114..115
  NUMPY_SECTION@115..152 {
    NUMPY_SECTION_HEADER@115..134 {
      NAME: "Attention"@115..124
      NEWLINE: "\n"@124..125
      UNDERLINE: "---------"@125..134
    }
    NEWLINE: "\n"@134..135
    BODY_TEXT@135..152 {
      TEXT_LINE: "Handle with care."@135..152
    }
  }
  NEWLINE: "\n"@152..153
}
=== EMIT ===
Summary.

Keyword Parameters
------------------
timeout : float
    How long to wait.

Todo
----
* Refactor this.

Attention
---------
Handle with care.
