=== CST ===
DOCUMENT@0..79 {
  SUMMARY@0..8 {
    TEXT_LINE: "Summary."@0..8
  }
  NEWLINE: "\n"@8..9
  BLANK_LINE: "\n"@9..10
  EXTENDED_SUMMARY@10..37 {
    TEXT_LINE: "This line is not a section."@10..37
  }
  NEWLINE: "\n"@37..38
  BLANK_LINE: "\n"@38..39
  SECTION@39..78 {
    SECTION_HEADER@39..60 {
      NAME: "Parameters"@39..49
      NEWLINE: "\n"@49..50
      UNDERLINE: "----------"@50..60
    }
    NEWLINE: "\n"@60..61
    ENTRY@61..78 {
      NAME: "x"@61..62
      WHITESPACE: " "@62..63
      COLON: ":"@63..64
      WHITESPACE: " "@64..65
      TYPE: "int"@65..68
      NEWLINE: "\n"@68..69
      WHITESPACE: "    "@69..73
      DESCRIPTION@73..78 {
        TEXT_LINE: "Desc."@73..78
      }
    }
  }
  NEWLINE: "\n"@78..79
}
=== EMIT ===
Summary.

This line is not a section.

Parameters
----------
x : int
    Desc.
