=== CST ===
NUMPY_DOCSTRING@0..111 {
  SUMMARY@0..8 {
    TEXT_LINE: "Summary."@0..8
  }
  NEWLINE: "\n"@8..9
  BLANK_LINE: "\n"@9..10
  EXTENDED_SUMMARY@10..69 {
    TEXT_LINE: "First paragraph of extended."@10..38
    NEWLINE: "\n"@38..39
    BLANK_LINE: "\n"@39..40
    TEXT_LINE: "Second paragraph of extended."@40..69
  }
  NEWLINE: "\n"@69..70
  BLANK_LINE: "\n"@70..71
  NUMPY_SECTION@71..110 {
    NUMPY_SECTION_HEADER@71..92 {
      NAME: "Parameters"@71..81
      NEWLINE: "\n"@81..82
      UNDERLINE: "----------"@82..92
    }
    NEWLINE: "\n"@92..93
    NUMPY_PARAMETER@93..110 {
      NAME: "x"@93..94
      WHITESPACE: " "@94..95
      COLON: ":"@95..96
      WHITESPACE: " "@96..97
      TYPE: "int"@97..100
      NEWLINE: "\n"@100..101
      WHITESPACE: "    "@101..105
      DESCRIPTION@105..110 {
        TEXT_LINE: "Desc."@105..110
      }
    }
  }
  NEWLINE: "\n"@110..111
}
=== EMIT ===
Summary.

First paragraph of extended.

Second paragraph of extended.

Parameters
----------
x : int
    Desc.
