=== CST ===
NUMPY_DOCSTRING@0..92 {
  SUMMARY: "Brief summary."@0..14
  NEWLINE: "\n"@14..15
  BLANK_LINE: "\n"@15..16
  EXTENDED_SUMMARY: "This is a longer description that provides\nmore details about the function."@16..91
  NEWLINE: "\n"@91..92
}
=== EMIT ===
Brief summary.

This is a longer description that provides
more details about the function.
