=== CST ===
NUMPY_DOCSTRING@0..189 {
  WHITESPACE: "    "@0..4
  SUMMARY@4..17 {
    TEXT_LINE: "Summary line."@4..17
  }
  NEWLINE: "\n"@17..18
  BLANK_LINE: "\n"@18..19
  WHITESPACE: "    "@19..23
  NUMPY_SECTION@23..134 {
    NUMPY_SECTION_HEADER@23..48 {
      NAME: "Parameters"@23..33
      NEWLINE: "\n"@33..34
      WHITESPACE: "    "@34..38
      UNDERLINE: "----------"@38..48
    }
    NEWLINE: "\n"@48..49
    WHITESPACE: "    "@49..53
    NUMPY_PARAMETER@53..86 {
      NAME: "x"@53..54
      WHITESPACE: " "@54..55
      COLON: ":"@55..56
      WHITESPACE: " "@56..57
      TYPE: "int"@57..60
      NEWLINE: "\n"@60..61
      WHITESPACE: "        "@61..69
      DESCRIPTION@69..86 {
        TEXT_LINE: "Description of x."@69..86
      }
    }
    NEWLINE: "\n"@86..87
    WHITESPACE: "    "@87..91
    NUMPY_PARAMETER@91..134 {
      NAME: "y"@91..92
      WHITESPACE: " "@92..93
      COLON: ":"@93..94
      WHITESPACE: " "@94..95
      TYPE: "str"@95..98
      COMMA: ","@98..99
      WHITESPACE: " "@99..100
      OPTIONAL: "optional"@100..108
      NEWLINE: "\n"@108..109
      WHITESPACE: "        "@109..117
      DESCRIPTION@117..134 {
        TEXT_LINE: "Description of y."@117..134
      }
    }
  }
  NEWLINE: "\n"@134..135
  BLANK_LINE: "\n"@135..136
  WHITESPACE: "    "@136..140
  NUMPY_SECTION@140..188 {
    NUMPY_SECTION_HEADER@140..159 {
      NAME: "Returns"@140..147
      NEWLINE: "\n"@147..148
      WHITESPACE: "    "@148..152
      UNDERLINE: "-------"@152..159
    }
    NEWLINE: "\n"@159..160
    WHITESPACE: "    "@160..164
    NUMPY_RETURNS@164..188 {
      RETURN_TYPE: "bool"@164..168
      NEWLINE: "\n"@168..169
      WHITESPACE: "        "@169..177
      DESCRIPTION@177..188 {
        TEXT_LINE: "The result."@177..188
      }
    }
  }
  NEWLINE: "\n"@188..189
}
=== EMIT ===
Summary line.

Parameters
----------
x : int
    Description of x.
y : str, optional
    Description of y.

Returns
-------
bool
    The result.
