=== CST ===
DOCUMENT@0..127 {
  WHITESPACE: "    "@0..4
  SUMMARY@4..12 {
    TEXT_LINE: "Summary."@4..12
  }
  NEWLINE: "\n"@12..13
  BLANK_LINE: "\n"@13..14
  WHITESPACE: "    "@14..18
  DIRECTIVE@18..69 {
    DIRECTIVE_MARKER: ".."@18..20
    WHITESPACE: " "@20..21
    KEYWORD: "deprecated"@21..31
    DOUBLE_COLON: "::"@31..33
    WHITESPACE: " "@33..34
    ARGUMENT: "2.0.0"@34..39
    NEWLINE: "\n"@39..40
    WHITESPACE: "        "@40..48
    DESCRIPTION@48..69 {
      TEXT_LINE: "Use new_func instead."@48..69
    }
  }
  NEWLINE: "\n"@69..70
  BLANK_LINE: "\n"@70..71
  WHITESPACE: "    "@71..75
  SECTION@75..126 {
    SECTION_HEADER@75..100 {
      NAME: "Parameters"@75..85
      NEWLINE: "\n"@85..86
      WHITESPACE: "    "@86..90
      UNDERLINE: "----------"@90..100
    }
    NEWLINE: "\n"@100..101
    WHITESPACE: "    "@101..105
    ENTRY@105..126 {
      NAME: "x"@105..106
      WHITESPACE: " "@106..107
      COLON: ":"@107..108
      WHITESPACE: " "@108..109
      TYPE: "int"@109..112
      NEWLINE: "\n"@112..113
      WHITESPACE: "        "@113..121
      DESCRIPTION@121..126 {
        TEXT_LINE: "Desc."@121..126
      }
    }
  }
  NEWLINE: "\n"@126..127
}
=== EMIT ===
Summary.

.. deprecated:: 2.0.0
    Use new_func instead.

Parameters
----------
x : int
    Desc.
