=== CST ===
DOCUMENT@0..67 {
  SUMMARY@0..8 {
    TEXT_LINE: "Summary."@0..8
  }
  NEWLINE: "\n"@8..9
  BLANK_LINE: "\n"@9..10
  SECTION@10..67 {
    SECTION_HEADER@10..31 {
      NAME: "Parameters"@10..20
      NEWLINE: "\n"@20..21
      UNDERLINE: "----------"@21..31
    }
    NEWLINE: "\n"@31..32
    ENTRY@32..67 {
      NAME: "x"@32..33
      WHITESPACE: " "@33..34
      COLON: ":"@34..35
      WHITESPACE: " "@35..36
      TYPE: "int"@36..39
      NEWLINE: "\n"@39..40
      WHITESPACE: "\t"@40..41
      DESCRIPTION@41..67 {
        TEXT_LINE: "The value."@41..51
        NEWLINE: "\n"@51..52
        WHITESPACE: "\t  "@52..55
        TEXT_LINE: "More detail."@55..67
      }
    }
  }
}
=== EMIT ===
Summary.

Parameters
----------
x : int
    The value.
    More detail.
