=== CST ===
NUMPY_DOCSTRING@0..48 {
  SUMMARY: "Summary."@0..8
  NUMPY_SECTION@10..48 {
    NUMPY_SECTION_HEADER@10..25 {
      NAME: "Returns"@10..17
      UNDERLINE: "-------"@18..25
    }
    NUMPY_RETURNS@26..48 {
      RETURN_TYPE: "int"@26..29
      DESCRIPTION: "The result value."@31..48
    }
  }
}
=== EMIT ===
Summary.

Returns
-------
int
    The result value.
