=== CST ===
NUMPY_DOCSTRING@0..85 {
  SUMMARY: "Summary."@0..8
  NEWLINE: "\n"@8..9
  BLANK_LINE: "\n"@9..10
  NUMPY_SECTION@10..85 {
    NUMPY_SECTION_HEADER@10..31 {
      NAME: "Parameters"@10..20
      NEWLINE: "\n"@20..21
      UNDERLINE: "----------"@21..31
    }
    NEWLINE: "\n"@31..32
    NUMPY_PARAMETER@32..58 {
      NAME: "x"@32..33
      WHITESPACE: " "@33..34
      COLON: ":"@34..35
      WHITESPACE: " "@35..36
      TYPE: "int"@36..39
      NEWLINE: "\n"@39..40
      WHITESPACE: "\t"@40..41
      DESCRIPTION: "Description of x."@41..58
    }
    NEWLINE: "\n"@58..59
    NUMPY_PARAMETER@59..85 {
      NAME: "y"@59..60
      WHITESPACE: " "@60..61
      COLON: ":"@61..62
      WHITESPACE: " "@62..63
      TYPE: "str"@63..66
      NEWLINE: "\n"@66..67
      WHITESPACE: "\t"@67..68
      DESCRIPTION: "Description of y."@68..85
    }
  }
}
=== EMIT ===
Summary.

Parameters
----------
x : int
    Description of x.
y : str
    Description of y.
