=== CST ===
GOOGLE_DOCSTRING@0..41 {
  SUMMARY@0..8 {
    TEXT_LINE: "Summary."@0..8
  }
  NEWLINE: "\n"@8..9
  BLANK_LINE: "\n"@9..10
  GOOGLE_SECTION@10..41 {
    GOOGLE_SECTION_HEADER@10..21 {
      NAME: "Attributes"@10..20
      COLON: ":"@20..21
    }
    NEWLINE: "\n"@21..22
    WHITESPACE: "    "@22..26
    GOOGLE_ATTRIBUTE@26..41 {
      NAME: "name"@26..30
      COLON: ":"@30..31
      WHITESPACE: " "@31..32
      DESCRIPTION@32..41 {
        TEXT_LINE: "The name."@32..41
      }
    }
  }
}
=== EMIT ===
Summary.

Attributes:
    name: The name.
