=== CST ===
DOCUMENT@0..88 {
  SUMMARY@0..8 {
    TEXT_LINE: "Summary."@0..8
  }
  NEWLINE: "\n"@8..9
  BLANK_LINE: "\n"@9..10
  SECTION@10..88 {
    SECTION_HEADER@10..18 {
      NAME: "Methods"@10..17
      COLON: ":"@17..18
    }
    NEWLINE: "\n"@18..19
    WHITESPACE: "    "@19..23
    ENTRY@23..48 {
      NAME: "reset()"@23..30
      COLON: ":"@30..31
      WHITESPACE: " "@31..32
      DESCRIPTION@32..48 {
        TEXT_LINE: "Reset the state."@32..48
      }
    }
    NEWLINE: "\n"@48..49
    WHITESPACE: "    "@49..53
    ENTRY@53..88 {
      NAME: "update(data)"@53..65
      COLON: ":"@65..66
      WHITESPACE: " "@66..67
      DESCRIPTION@67..88 {
        TEXT_LINE: "Update with new data."@67..88
      }
    }
  }
}
=== EMIT ===
Summary.

Methods:
    reset(): Reset the state.
    update(data): Update with new data.
