=== CST ===
GOOGLE_DOCSTRING@0..66 {
  SUMMARY@0..8 {
    TEXT_LINE: "Summary."@0..8
  }
  NEWLINE: "\n"@8..9
  BLANK_LINE: "\n"@9..10
  GOOGLE_SECTION@10..66 {
    GOOGLE_SECTION_HEADER@10..17 {
      NAME: "Raises"@10..16
      COLON: ":"@16..17
    }
    NEWLINE: "\n"@17..18
    WHITESPACE: "    "@18..22
    GOOGLE_EXCEPTION@22..66 {
      TYPE: "ValueError"@22..32
      COLON: ":"@32..33
      WHITESPACE: " "@33..34
      DESCRIPTION@34..66 {
        TEXT_LINE: "If the"@34..40
        NEWLINE: "\n"@40..41
        WHITESPACE: "        "@41..49
        TEXT_LINE: "input is invalid."@49..66
      }
    }
  }
}
=== EMIT ===
Summary.

Raises:
    ValueError: If the
        input is invalid.
