=== CST ===
DOCUMENT@0..75 {
  SUMMARY@0..8 {
    TEXT_LINE: "Summary."@0..8
  }
  NEWLINE: "\n"@8..9
  BLANK_LINE: "\n"@9..10
  SECTION@10..75 {
    SECTION_HEADER@10..17 {
      NAME: "Raises"@10..16
      COLON: ":"@16..17
    }
    NEWLINE: "\n"@17..18
    WHITESPACE: "    "@18..22
    ENTRY@22..45 {
      TYPE: "ValueError"@22..32
      COLON: ":"@32..33
      WHITESPACE: " "@33..34
      DESCRIPTION@34..45 {
        TEXT_LINE: "If invalid."@34..45
      }
    }
    NEWLINE: "\n"@45..46
    WHITESPACE: "    "@46..50
    ENTRY@50..75 {
      TYPE: "TypeError"@50..59
      COLON: ":"@59..60
      WHITESPACE: " "@60..61
      DESCRIPTION@61..75 {
        TEXT_LINE: "If wrong type."@61..75
      }
    }
  }
}
=== EMIT ===
Summary.

Raises:
    ValueError: If invalid.
    TypeError: If wrong type.
