=== CST ===
DOCUMENT@0..66 {
  SUMMARY@0..8 {
    TEXT_LINE: "Summary."@0..8
  }
  NEWLINE: "\n"@8..9
  BLANK_LINE: "\n"@9..10
  SECTION@10..66 {
    SECTION_HEADER@10..16 {
      NAME: "Warns"@10..15
      COLON: ":"@15..16
    }
    NEWLINE: "\n"@16..17
    WHITESPACE: "    "@17..21
    ENTRY@21..66 {
      WARNING_TYPE: "UserWarning"@21..32
      COLON: ":"@32..33
      WHITESPACE: " "@33..34
      DESCRIPTION@34..66 {
        TEXT_LINE: "First line."@34..45
        NEWLINE: "\n"@45..46
        WHITESPACE: "        "@46..54
        TEXT_LINE: "Second line."@54..66
      }
    }
  }
}
=== EMIT ===
Summary.

Warns:
    UserWarning: First line.
        Second line.
