=== CST ===
DOCUMENT@0..57 {
  SUMMARY@0..8 {
    TEXT_LINE: "Summary."@0..8
  }
  NEWLINE: "\n"@8..9
  BLANK_LINE: "\n"@9..10
  EXTENDED_SUMMARY@10..57 {
    TEXT_LINE: "Custom One:"@10..21
    NEWLINE: "\n"@21..22
    WHITESPACE: "    "@22..26
    TEXT_LINE: "First."@26..32
    NEWLINE: "\n"@32..33
    BLANK_LINE: "\n"@33..34
    TEXT_LINE: "Custom Two:"@34..45
    NEWLINE: "\n"@45..46
    WHITESPACE: "    "@46..50
    TEXT_LINE: "Second."@50..57
  }
}
=== EMIT ===
Summary.

Custom One:
    First.

Custom Two:
    Second.
