=== CST ===
DOCUMENT@0..84 {
  SUMMARY@0..8 {
    TEXT_LINE: "Summary."@0..8
  }
  NEWLINE: "\n"@8..9
  BLANK_LINE: "\n"@9..10
  SECTION@10..55 {
    SECTION_HEADER@10..15 {
      NAME: "Args"@10..14
      COLON: ":"@14..15
    }
    NEWLINE: "\n"@15..16
    WHITESPACE: "    "@16..20
    ENTRY@20..35 {
      NAME: "x"@20..21
      WHITESPACE: " "@21..22
      OPEN_BRACKET: "("@22..23
      TYPE: "int"@23..26
      CLOSE_BRACKET: ")"@26..27
      COLON: ":"@27..28
      WHITESPACE: " "@28..29
      DESCRIPTION@29..35 {
        TEXT_LINE: "Value."@29..35
      }
    }
    NEWLINE: "\n"@35..36
    BLANK_LINE: "\n"@36..37
    WHITESPACE: "    "@37..41
    ENTRY@41..55 {
      NAME: "y"@41..42
      WHITESPACE: " "@42..43
      OPEN_BRACKET: "("@43..44
      TYPE: "str"@44..47
      CLOSE_BRACKET: ")"@47..48
      COLON: ":"@48..49
      WHITESPACE: " "@49..50
      DESCRIPTION@50..55 {
        TEXT_LINE: "Name."@50..55
      }
    }
  }
  NEWLINE: "\n"@55..56
  BLANK_LINE: "\n"@56..57
  SECTION@57..84 {
    SECTION_HEADER@57..65 {
      NAME: "Returns"@57..64
      COLON: ":"@64..65
    }
    NEWLINE: "\n"@65..66
    WHITESPACE: "    "@66..70
    ENTRY@70..84 {
      RETURN_TYPE: "bool"@70..74
      COLON: ":"@74..75
      WHITESPACE: " "@75..76
      DESCRIPTION@76..84 {
        TEXT_LINE: "Success."@76..84
      }
    }
  }
}
=== EMIT ===
Summary.

Args:
    x (int): Value.
    y (str): Name.

Returns:
    bool: Success.
