=== CST ===
GOOGLE_DOCSTRING@0..44 {
  SUMMARY: "Summary."@0..8
  NEWLINE: "\n"@8..9
  BLANK_LINE: "\n"@9..10
  GOOGLE_SECTION@10..44 {
    GOOGLE_SECTION_HEADER@10..19 {
      NAME: "see also"@10..18
      COLON: ":"@18..19
    }
    NEWLINE: "\n"@19..20
    WHITESPACE: "    "@20..24
    GOOGLE_SEE_ALSO_ITEM@24..44 {
      NAME: "func_a"@24..30
      COLON: ":"@30..31
      WHITESPACE: " "@31..32
      DESCRIPTION: "Description."@32..44
    }
  }
}
=== EMIT ===
Summary.

See Also:
    func_a: Description.
