=== CST ===
DOCUMENT@0..42 {
  SUMMARY@0..8 {
    TEXT_LINE: "Summary."@0..8
  }
  NEWLINE: "\n"@8..9
  BLANK_LINE: "\n"@9..10
  EXTENDED_SUMMARY@10..42 {
    TEXT_LINE: "Custom:"@10..17
    NEWLINE: "\n"@17..18
    WHITESPACE: "    "@18..22
    TEXT_LINE: "Some custom content."@22..42
  }
}
=== EMIT ===
Summary.

Custom:
Some custom content.
