=== CST ===
DOCUMENT@0..63 {
  SUMMARY@0..8 {
    TEXT_LINE: "Summary."@0..8
  }
  NEWLINE: "\n"@8..9
  BLANK_LINE: "\n"@9..10
  SECTION@10..63 {
    SECTION_HEADER@10..23 {
      NAME: "Raises"@10..16
      NEWLINE: "\n"@16..17
      UNDERLINE: "------"@17..23
    }
    NEWLINE: "\n"@23..24
    ENTRY@24..63 {
      TYPE: "ValueError"@24..34
      NEWLINE: "\n"@34..35
      WHITESPACE: "    "@35..39
      DESCRIPTION@39..63 {
        TEXT_LINE: "If the input is invalid."@39..63
      }
    }
  }
}
=== EMIT ===
Summary.

Raises
------
ValueError
    If the input is invalid.
