=== CST ===
NUMPY_DOCSTRING@0..66 {
  SUMMARY: "Summary."@0..8
  NUMPY_SECTION@10..66 {
    NUMPY_SECTION_HEADER@10..23 {
      NAME: "Raises"@10..16
      UNDERLINE: "------"@17..23
    }
    NUMPY_EXCEPTION@24..66 {
      TYPE: "ValueError"@24..34
      COLON: ":"@35..36
      DESCRIPTION: "If bad.\n    More detail here."@37..66
    }
  }
}
=== EMIT ===
Summary.

Raises
------
ValueError
    If bad.
    More detail here.
