=== CST ===
NUMPY_DOCSTRING@0..69 {
  SUMMARY: "Summary."@0..8
  NEWLINE: "\n"@8..9
  BLANK_LINE: "\n"@9..10
  NUMPY_SECTION@10..68 {
    NUMPY_SECTION_HEADER@10..21 {
      NAME: "Warns"@10..15
      NEWLINE: "\n"@15..16
      UNDERLINE: "-----"@16..21
    }
    NEWLINE: "\n"@21..22
    NUMPY_WARNING@22..68 {
      TYPE: "DeprecationWarning"@22..40
      NEWLINE: "\n"@40..41
      WHITESPACE: "    "@41..45
      DESCRIPTION: "If the old API is used."@45..68
    }
  }
  NEWLINE: "\n"@68..69
}
=== EMIT ===
Summary.

Warns
-----
DeprecationWarning
    If the old API is used.
