=== CST ===
NUMPY_DOCSTRING@0..80 {
  SUMMARY: "Summary."@0..8
  NUMPY_SECTION@10..80 {
    NUMPY_SECTION_HEADER@10..21 {
      NAME: "Warns"@10..15
      UNDERLINE: "-----"@16..21
    }
    NUMPY_WARNING@22..53 {
      TYPE: "DeprecationWarning"@22..40
      DESCRIPTION: "Old API."@45..53
    }
    NUMPY_WARNING@54..80 {
      TYPE: "UserWarning"@54..65
      DESCRIPTION: "Bad usage."@70..80
    }
  }
}
=== EMIT ===
Summary.

Warns
-----
DeprecationWarning
    Old API.
UserWarning
    Bad usage.
