=== CST ===
NUMPY_DOCSTRING@0..57 {
  SUMMARY@0..8 {
    TEXT_LINE: "Summary."@0..8
  }
  NEWLINE: "\n"@8..9
  BLANK_LINE: "\n"@9..10
  NUMPY_SECTION@10..56 {
    NUMPY_SECTION_HEADER@10..21 {
      NAME: "Warns"@10..15
      NEWLINE: "\n"@15..16
      UNDERLINE: "-----"@16..21
    }
    NEWLINE: "\n"@21..22
    NUMPY_WARNING@22..56 {
      TYPE: "UserWarning"@22..33
      WHITESPACE: " "@33..34
      COLON: ":"@34..35
      WHITESPACE: " "@35..36
      DESCRIPTION@36..56 {
        TEXT_LINE: "If input is unusual."@36..56
      }
    }
  }
  NEWLINE: "\n"@56..57
}
=== EMIT ===
Summary.

Warns
-----
UserWarning
    If input is unusual.
