=== CST ===
DOCUMENT@0..81 {
  SUMMARY@0..8 {
    TEXT_LINE: "Summary."@0..8
  }
  NEWLINE: "\n"@8..9
  BLANK_LINE: "\n"@9..10
  SECTION@10..80 {
    SECTION_HEADER@10..21 {
      NAME: "Warns"@10..15
      NEWLINE: "\n"@15..16
      UNDERLINE: "-----"@16..21
    }
    NEWLINE: "\n"@21..22
    ENTRY@22..53 {
      TYPE: "DeprecationWarning"@22..40
      NEWLINE: "\n"@40..41
      WHITESPACE: "    "@41..45
      DESCRIPTION@45..53 {
        TEXT_LINE: "Old API."@45..53
      }
    }
    NEWLINE: "\n"@53..54
    ENTRY@54..80 {
      TYPE: "UserWarning"@54..65
      NEWLINE: "\n"@65..66
      WHITESPACE: "    "@66..70
      DESCRIPTION@70..80 {
        TEXT_LINE: "Bad usage."@70..80
      }
    }
  }
  NEWLINE: "\n"@80..81
}
=== EMIT ===
Summary.

Warns
-----
DeprecationWarning
    Old API.
UserWarning
    Bad usage.
