=== CST ===
NUMPY_DOCSTRING@0..67 {
  SUMMARY: "Summary."@0..8
  NUMPY_SECTION@10..67 {
    NUMPY_SECTION_HEADER@10..31 {
      NAME: "Parameters"@10..20
      UNDERLINE: "----------"@21..31
    }
    NUMPY_PARAMETER@32..67 {
      NAME: "data"@32..36
      COLON: ":"@53..54
      TYPE: "Dict[str, int]"@38..52
      DESCRIPTION: "The mapping."@55..67
    }
  }
}
=== EMIT ===
Summary.

Parameters
----------
data : Dict[str, int]
    The mapping.
