=== CST ===
NUMPY_DOCSTRING@0..62 {
  SUMMARY: "Summary."@0..8
  NUMPY_SECTION@10..62 {
    NUMPY_SECTION_HEADER@10..43 {
      NAME: "Other Parameters"@10..26
      UNDERLINE: "----------------"@27..43
    }
    NUMPY_PARAMETER@44..62 {
      NAME: "x"@44..45
      COLON: ":"@46..47
      TYPE: "int"@48..51
      DESCRIPTION: "Extra."@56..62
    }
  }
}
=== EMIT ===
Summary.

Other Parameters
----------------
x : int
    Extra.
