=== CST ===
NUMPY_DOCSTRING@0..54 {
  SUMMARY: "Summary."@0..8
  NUMPY_SECTION@10..54 {
    NUMPY_SECTION_HEADER@10..35 {
      NAME: "Other Params"@10..22
      UNDERLINE: "------------"@23..35
    }
    NUMPY_PARAMETER@36..54 {
      NAME: "x"@36..37
      COLON: ":"@38..39
      TYPE: "int"@40..43
      DESCRIPTION: "Extra."@48..54
    }
  }
}
=== EMIT ===
Summary.

Other Parameters
----------------
x : int
    Extra.
