=== CST ===
NUMPY_DOCSTRING@0..46 {
  SUMMARY: "Summary."@0..8
  NUMPY_SECTION@10..46 {
    NUMPY_SECTION_HEADER@10..23 {
      NAME: "Params"@10..16
      UNDERLINE: "------"@17..23
    }
    NUMPY_PARAMETER@24..46 {
      NAME: "x"@24..25
      COLON: ":"@26..27
      TYPE: "int"@28..31
      DESCRIPTION: "The value."@36..46
    }
  }
}
=== EMIT ===
Summary.

Parameters
----------
x : int
    The value.
