=== CST ===
NUMPY_DOCSTRING@0..52 {
  SUMMARY: "Summary."@0..8
  NUMPY_SECTION@10..52 {
    NUMPY_SECTION_HEADER@10..29 {
      NAME: "Parameter"@10..19
      UNDERLINE: "---------"@20..29
    }
    NUMPY_PARAMETER@30..52 {
      NAME: "x"@30..31
      COLON: ":"@32..33
      TYPE: "int"@34..37
      DESCRIPTION: "The value."@42..52
    }
  }
}
=== EMIT ===
Summary.

Parameters
----------
x : int
    The value.
