=== CST ===
NUMPY_DOCSTRING@0..47 {
  SUMMARY: "Summary."@0..8
  NUMPY_SECTION@10..47 {
    NUMPY_SECTION_HEADER@10..21 {
      NAME: "Raise"@10..15
      UNDERLINE: "-----"@16..21
    }
    NUMPY_EXCEPTION@22..47 {
      TYPE: "ValueError"@22..32
      DESCRIPTION: "Bad input."@37..47
    }
  }
}
=== EMIT ===
Summary.

Raises
------
ValueError
    Bad input.
