=== CST ===
NUMPY_DOCSTRING@0..52 {
  SUMMARY: "Summary."@0..8
  NUMPY_SECTION@10..52 {
    NUMPY_SECTION_HEADER@10..25 {
      NAME: "Receive"@10..17
      UNDERLINE: "-------"@18..25
    }
    NUMPY_PARAMETER@26..52 {
      NAME: "data"@26..30
      COLON: ":"@31..32
      TYPE: "bytes"@33..38
      DESCRIPTION: "The data."@43..52
    }
  }
}
=== EMIT ===
Summary.

Receives
--------
data : bytes
    The data.
