=== CST ===
NUMPY_DOCSTRING@0..49 {
  SUMMARY: "Summary."@0..8
  NUMPY_SECTION@10..49 {
    NUMPY_SECTION_HEADER@10..31 {
      NAME: "Parameters"@10..20
      UNDERLINE: "----------"@21..31
    }
    NUMPY_PARAMETER@32..49 {
      NAME: "x"@32..33
      COLON: ":"@34..35
      TYPE: "int"@36..39
      DESCRIPTION: "Desc."@44..49
    }
  }
}
=== EMIT ===
Summary.

Parameters
----------
x : int
    Desc.
