=== CST ===
NUMPY_DOCSTRING@0..42 {
  SUMMARY: "Summary."@0..8
  NUMPY_SECTION@10..42 {
    NUMPY_SECTION_HEADER@10..27 {
      NAME: "See Also"@10..18
      UNDERLINE: "--------"@19..27
    }
    NUMPY_SEE_ALSO_ITEM@28..42 {
      NAME: "func_a"@28..34
      COLON: ":"@35..36
      DESCRIPTION: "Desc."@37..42
    }
  }
}
=== EMIT ===
Summary.

See Also
--------
func_a : Desc.
