=== CST ===
NUMPY_DOCSTRING@0..66 {
  SUMMARY: "Summary line."@0..13
  NUMPY_SECTION@15..66 {
    NUMPY_SECTION_HEADER@15..36 {
      NAME: "Parameters"@15..25
      UNDERLINE: "----------"@26..36
    }
    NUMPY_PARAMETER@37..66 {
      NAME: "x"@37..38
      COLON: ":"@39..40
      TYPE: "int"@41..44
      DESCRIPTION: "Description of x."@49..66
    }
  }
}
=== EMIT ===
Summary line.

Parameters
----------
x : int
    Description of x.
