=== CST ===
NUMPY_DOCSTRING@0..51 {
  SUMMARY: "Summary."@0..8
  NUMPY_SECTION@10..51 {
    NUMPY_SECTION_HEADER@10..37 {
      NAME: "CustomSection"@10..23
      UNDERLINE: "-------------"@24..37
    }
    BODY_TEXT: "Some content."@38..51
  }
}
=== EMIT ===
Summary.

CustomSection
-------------
Some content.
