=== CST ===
NUMPY_DOCSTRING@0..38 {
  SUMMARY: "Summary."@0..8
  NUMPY_SECTION@10..38 {
    NUMPY_SECTION_HEADER@10..23 {
      NAME: "Yields"@10..16
      UNDERLINE: "------"@17..23
    }
    NUMPY_YIELDS@24..38 {
      RETURN_TYPE: "int"@24..27
      DESCRIPTION: "Value."@32..38
    }
  }
}
=== EMIT ===
Summary.

Yields
------
int
    Value.
