=== CST ===
GOOGLE_DOCSTRING@0..41 {
  SUMMARY: "Summary."@0..8
  NEWLINE: "\n"@8..9
  BLANK_LINE: "\n"@9..10
  GOOGLE_SECTION@10..41 {
    GOOGLE_SECTION_HEADER@10..18 {
      NAME: "Returns"@10..17
      COLON: ":"@17..18
    }
    NEWLINE: "\n"@18..19
    WHITESPACE: "    "@19..23
    GOOGLE_RETURNS@23..41 {
      RETURN_TYPE: "int"@23..26
      COLON: ":"@26..27
      WHITESPACE: "   "@27..30
      DESCRIPTION: "The result."@30..41
    }
  }
}
=== EMIT ===
Summary.

Returns:
    int: The result.
