=== CST ===
GOOGLE_DOCSTRING@0..38 {
  SUMMARY: "Summary."@0..8
  GOOGLE_SECTION@10..38 {
    GOOGLE_SECTION_HEADER@10..18 {
      NAME: "Returns"@10..17
      COLON: ":"@17..18
    }
    GOOGLE_RETURNS@23..38 {
      RETURN_TYPE: "int"@23..26
      COLON: ":"@26..27
      DESCRIPTION: "The result."@27..38
    }
  }
}
=== EMIT ===
Summary.

Returns:
    int: The result.
