=== CST ===
GOOGLE_DOCSTRING@0..39 {
  SUMMARY@0..8 {
    TEXT_LINE: "Summary."@0..8
  }
  NEWLINE: "\n"@8..9
  BLANK_LINE: "\n"@9..10
  GOOGLE_SECTION@10..39 {
    GOOGLE_SECTION_HEADER@10..18 {
      NAME: "Returns"@10..17
      COLON: ":"@17..18
    }
    NEWLINE: "\n"@18..19
    WHITESPACE: "    "@19..23
    GOOGLE_RETURNS@23..39 {
      RETURN_TYPE: "int"@23..26
      COLON: ":"@26..27
      WHITESPACE: " "@27..28
      DESCRIPTION@28..39 {
        TEXT_LINE: "The result."@28..39
      }
    }
  }
}
=== EMIT ===
Summary.

Returns:
    int: The result.
