=== CST ===
DOCUMENT@0..60 {
  SUMMARY@0..8 {
    TEXT_LINE: "Summary."@0..8
  }
  NEWLINE: "\n"@8..9
  BLANK_LINE: "\n"@9..10
  SECTION@10..60 {
    SECTION_HEADER@10..18 {
      NAME: "Returns"@10..17
      COLON: ":"@17..18
    }
    NEWLINE: "\n"@18..19
    WHITESPACE: "    "@19..23
    ENTRY@23..60 {
      RETURN_TYPE: "int"@23..26
      COLON: ":"@26..27
      WHITESPACE: " "@27..28
      DESCRIPTION@28..60 {
        TEXT_LINE: "The count."@28..38
        NEWLINE: "\n"@38..39
        WHITESPACE: "    "@39..43
        TEXT_LINE: "str: The message."@43..60
      }
    }
  }
}
=== EMIT ===
Summary.

Returns:
    int: The count.
    str: The message.
