=== CST ===
DOCUMENT@0..42 {
  SUMMARY@0..8 {
    TEXT_LINE: "Summary."@0..8
  }
  NEWLINE: "\n"@8..9
  BLANK_LINE: "\n"@9..10
  SECTION@10..42 {
    SECTION_HEADER@10..17 {
      NAME: "Yields"@10..16
      COLON: ":"@16..17
    }
    NEWLINE: "\n"@17..18
    WHITESPACE: "    "@18..22
    ENTRY@22..42 {
      RETURN_TYPE: "int"@22..25
      COLON: ":"@25..26
      WHITESPACE: " "@26..27
      DESCRIPTION@27..42 {
        TEXT_LINE: "The next value."@27..42
      }
    }
  }
}
=== EMIT ===
Summary.

Yields:
    int: The next value.
