=== CST ===
NUMPY_DOCSTRING@0..42 {
  SUMMARY: "Summary."@0..8
  NEWLINE: "\n"@8..9
  BLANK_LINE: "\n"@9..10
  NUMPY_SECTION@10..41 {
    NUMPY_SECTION_HEADER@10..27 {
      NAME: "Examples"@10..18
      NEWLINE: "\n"@18..19
      UNDERLINE: "--------"@19..27
    }
    NEWLINE: "\n"@27..28
    BODY_TEXT: ">>> func(1)\n1"@28..41
  }
  NEWLINE: "\n"@41..42
}
=== EMIT ===
Summary.

Examples
--------
>>> func(1)
1
