=== CST ===
DOCUMENT@0..79 {
  SUMMARY@0..8 {
    TEXT_LINE: "Summary."@0..8
  }
  NEWLINE: "\n"@8..9
  BLANK_LINE: "\n"@9..10
  SECTION@10..78 {
    SECTION_HEADER@10..27 {
      NAME: "See Also"@10..18
      NEWLINE: "\n"@18..19
      UNDERLINE: "--------"@19..27
    }
    NEWLINE: "\n"@27..28
    ENTRY@28..52 {
      NAME: "func_a"@28..34
      WHITESPACE: " "@34..35
      COLON: ":"@35..36
      WHITESPACE: " "@36..37
      DESCRIPTION@37..52 {
        TEXT_LINE: "First function."@37..52
      }
    }
    NEWLINE: "\n"@52..53
    ENTRY@53..78 {
      NAME: "func_b"@53..59
      WHITESPACE: " "@59..60
      COLON: ":"@60..61
      WHITESPACE: " "@61..62
      DESCRIPTION@62..78 {
        TEXT_LINE: "Second function."@62..78
      }
    }
  }
  NEWLINE: "\n"@78..79
}
=== EMIT ===
Summary.

See Also
--------
func_a
    First function.
func_b
    Second function.
