=== CST ===
DOCUMENT@0..92 {
  SUMMARY@0..14 {
    TEXT_LINE: "Brief summary."@0..14
  }
  NEWLINE: "\n"@14..15
  BLANK_LINE: "\n"@15..16
  SECTION@16..91 {
    SECTION_HEADER@16..37 {
      NAME: "Parameters"@16..26
      NEWLINE: "\n"@26..27
      UNDERLINE: "----------"@27..37
    }
    NEWLINE: "\n"@37..38
    ENTRY@38..91 {
      NAME: "x"@38..39
      WHITESPACE: " "@39..40
      COLON: ":"@40..41
      WHITESPACE: " "@41..42
      TYPE: "int"@42..45
      NEWLINE: "\n"@45..46
      WHITESPACE: "    "@46..50
      DESCRIPTION@50..91 {
        TEXT_LINE: "A value like key: value should not split."@50..91
      }
    }
  }
  NEWLINE: "\n"@91..92
}
=== EMIT ===
Brief summary.

Parameters
----------
x : int
    A value like key: value should not split.
