=== CST ===
NUMPY_DOCSTRING@0..74 {
  SUMMARY@0..8 {
    TEXT_LINE: "Summary."@0..8
  }
  NEWLINE: "\n"@8..9
  BLANK_LINE: "\n"@9..10
  NUMPY_SECTION@10..74 {
    NUMPY_SECTION_HEADER@10..31 {
      NAME: "Parameters"@10..20
      NEWLINE: "\n"@20..21
      UNDERLINE: "----------"@21..31
    }
    NEWLINE: "\n"@31..32
    NUMPY_PARAMETER@32..74 {
      NAME: "order"@32..37
      WHITESPACE: " "@37..38
      COLON: ":"@38..39
      WHITESPACE: " "@39..40
      TYPE: "{'C', 'F', 'A'}"@40..55
      NEWLINE: "\n"@55..56
      WHITESPACE: "    "@56..60
      DESCRIPTION@60..74 {
        TEXT_LINE: "Memory layout."@60..74
      }
    }
  }
}
=== EMIT ===
Summary.

Parameters
----------
order : {'C', 'F', 'A'}
    Memory layout.
