=== CST ===
NUMPY_DOCSTRING@0..53 {
  SUMMARY: "Summary."@0..8
  NUMPY_SECTION@10..53 {
    NUMPY_SECTION_HEADER@10..31 {
      NAME: "Parameters"@10..20
      UNDERLINE: "----------"@21..31
    }
    NUMPY_PARAMETER@32..53 {
      NAME: "name"@32..36
      COLON: ":"@42..43
      TYPE: "str"@38..41
      DESCRIPTION: "The name."@44..53
    }
  }
}
=== EMIT ===
Summary.

Parameters
----------
name : str
    The name.
