=== CST ===
NUMPY_DOCSTRING@0..53 {
  SUMMARY@0..8 {
    TEXT_LINE: "Summary."@0..8
  }
  NEWLINE: "\n"@8..9
  BLANK_LINE: "\n"@9..10
  NUMPY_SECTION@10..52 {
    NUMPY_SECTION_HEADER@10..31 {
      NAME: "Parameters"@10..20
      NEWLINE: "\n"@20..21
      UNDERLINE: "----------"@21..31
    }
    NEWLINE: "\n"@31..32
    NUMPY_PARAMETER@32..52 {
      NAME: "name"@32..36
      WHITESPACE: " "@36..37
      OPEN_BRACKET: "("@37..38
      TYPE: "int"@38..41
      CLOSE_BRACKET: ")"@41..42
      NEWLINE: "\n"@42..43
      WHITESPACE: "    "@43..47
      DESCRIPTION@47..52 {
        TEXT_LINE: "Desc."@47..52
      }
    }
  }
  NEWLINE: "\n"@52..53
}
=== EMIT ===
Summary.

Parameters
----------
name : int
    Desc.
