=== CST ===
DOCUMENT@0..125 {
  SUMMARY@0..8 {
    TEXT_LINE: "Summary."@0..8
  }
  NEWLINE: "\n"@8..9
  BLANK_LINE: "\n"@9..10
  SECTION@10..124 {
    SECTION_HEADER@10..43 {
      NAME: "Other Parameters"@10..26
      NEWLINE: "\n"@26..27
      UNDERLINE: "----------------"@27..43
    }
    NEWLINE: "\n"@43..44
    ENTRY@44..79 {
      NAME: "debug"@44..49
      WHITESPACE: " "@49..50
      COLON: ":"@50..51
      WHITESPACE: " "@51..52
      TYPE: "bool"@52..56
      NEWLINE: "\n"@56..57
      WHITESPACE: "    "@57..61
      DESCRIPTION@61..79 {
        TEXT_LINE: "Enable debug mode."@61..79
      }
    }
    NEWLINE: "\n"@79..80
    ENTRY@80..124 {
      NAME: "verbose"@80..87
      WHITESPACE: " "@87..88
      COLON: ":"@88..89
      WHITESPACE: " "@89..90
      TYPE: "bool"@90..94
      COMMA: ","@94..95
      WHITESPACE: " "@95..96
      OPTIONAL: "optional"@96..104
      NEWLINE: "\n"@104..105
      WHITESPACE: "    "@105..109
      DESCRIPTION@109..124 {
        TEXT_LINE: "Verbose output."@109..124
      }
    }
  }
  NEWLINE: "\n"@124..125
}
=== EMIT ===
Summary.

Other Parameters
----------------
debug : bool
    Enable debug mode.
verbose : bool, optional
    Verbose output.
