=== CST ===
NUMPY_DOCSTRING@0..54 {
  SUMMARY: "Summary."@0..8
  NEWLINE: "\n"@8..9
  BLANK_LINE: "\n"@9..10
  NUMPY_SECTION@10..53 {
    NUMPY_SECTION_HEADER@10..31 {
      NAME: "Parameters"@10..20
      NEWLINE: "\n"@20..21
      UNDERLINE: "----------"@21..31
    }
    NEWLINE: "\n"@31..32
    NUMPY_PARAMETER@32..53 {
      NAME: "x"@32..33
      WHITESPACE: " "@33..34
      COLON: ":"@34..35
      TYPE: "int"@35..38
      NEWLINE: "\n"@38..39
      WHITESPACE: "    "@39..43
      DESCRIPTION: "The value."@43..53
    }
  }
  NEWLINE: "\n"@53..54
}
=== EMIT ===
Summary.

Parameters
----------
x : int
    The value.
