=== CST ===
NUMPY_DOCSTRING@0..53 {
  SUMMARY@0..8 {
    TEXT_LINE: "Summary."@0..8
  }
  NEWLINE: "\n"@8..9
  BLANK_LINE: "\n"@9..10
  NUMPY_SECTION@10..52 {
    NUMPY_SECTION_HEADER@10..31 {
      NAME: "Parameters"@10..20
      NEWLINE: "\n"@20..21
      UNDERLINE: "----------"@21..31
    }
    NEWLINE: "\n"@31..32
    NUMPY_PARAMETER@32..52 {
      NAME: "x"@32..33
      COLON: ":"@33..34
      TYPE: "int"@34..37
      NEWLINE: "\n"@37..38
      WHITESPACE: "    "@38..42
      DESCRIPTION@42..52 {
        TEXT_LINE: "The value."@42..52
      }
    }
  }
  NEWLINE: "\n"@52..53
}
=== EMIT ===
Summary.

Parameters
----------
x : int
    The value.
