=== CST ===
DOCUMENT@0..85 {
  SUMMARY@0..8 {
    TEXT_LINE: "Summary."@0..8
  }
  NEWLINE: "\n"@8..9
  BLANK_LINE: "\n"@9..10
  SECTION@10..84 {
    SECTION_HEADER@10..27 {
      NAME: "Receives"@10..18
      NEWLINE: "\n"@18..19
      UNDERLINE: "--------"@19..27
    }
    NEWLINE: "\n"@27..28
    ENTRY@28..54 {
      NAME: "msg"@28..31
      WHITESPACE: " "@31..32
      COLON: ":"@32..33
      WHITESPACE: " "@33..34
      TYPE: "str"@34..37
      NEWLINE: "\n"@37..38
      WHITESPACE: "    "@38..42
      DESCRIPTION@42..54 {
        TEXT_LINE: "The message."@42..54
      }
    }
    NEWLINE: "\n"@54..55
    ENTRY@55..84 {
      NAME: "data"@55..59
      WHITESPACE: " "@59..60
      COLON: ":"@60..61
      WHITESPACE: " "@61..62
      TYPE: "bytes"@62..67
      NEWLINE: "\n"@67..68
      WHITESPACE: "    "@68..72
      DESCRIPTION@72..84 {
        TEXT_LINE: "The payload."@72..84
      }
    }
  }
  NEWLINE: "\n"@84..85
}
=== EMIT ===
Summary.

Receives
--------
msg : str
    The message.
data : bytes
    The payload.
