=== CST ===
DOCUMENT@0..55 {
  SUMMARY@0..8 {
    TEXT_LINE: "Summary."@0..8
  }
  NEWLINE: "\n"@8..9
  BLANK_LINE: "\n"@9..10
  SECTION@10..55 {
    SECTION_HEADER@10..15 {
      NAME: "Args"@10..14
      COLON: ":"@14..15
    }
    NEWLINE: "\n"@15..16
    WHITESPACE: "    "@16..20
    ENTRY@20..55 {
      NAME: "**kwargs"@20..28
      WHITESPACE: " "@28..29
      OPEN_BRACKET: "("@29..30
      TYPE: "dict"@30..34
      CLOSE_BRACKET: ")"@34..35
      COLON: ":"@35..36
      WHITESPACE: " "@36..37
      DESCRIPTION@37..55 {
        TEXT_LINE: "Keyword arguments."@37..55
      }
    }
  }
}
=== EMIT ===
Summary.

Args:
    **kwargs (dict): Keyword arguments.
