=== CST ===
GOOGLE_DOCSTRING@0..33 {
  SUMMARY: "Summary."@0..8
  NEWLINE: "\n"@8..9
  BLANK_LINE: "\n"@9..10
  GOOGLE_SECTION@10..33 {
    GOOGLE_SECTION_HEADER@10..15 {
      NAME: "Args"@10..14
      COLON: ":"@14..15
    }
    NEWLINE: "\n"@15..16
    WHITESPACE: "    "@16..20
    GOOGLE_ARG@20..33 {
      NAME: "x"@20..21
      COLON: ":"@21..22
      WHITESPACE: " "@22..23
      DESCRIPTION: "The value."@23..33
    }
  }
}
=== EMIT ===
Summary.

Args:
    x: The value.
