=== CST ===
DOCUMENT@0..39 {
  SUMMARY@0..8 {
    TEXT_LINE: "Summary."@0..8
  }
  NEWLINE: "\n"@8..9
  BLANK_LINE: "\n"@9..10
  SECTION@10..39 {
    SECTION_HEADER@10..15 {
      NAME: "Args"@10..14
      COLON: ":"@14..15
    }
    NEWLINE: "\n"@15..16
    WHITESPACE: "    "@16..20
    ENTRY@20..39 {
      NAME: "x"@20..21
      WHITESPACE: " "@21..22
      OPEN_BRACKET: "{"@22..23
      TYPE: "int"@23..26
      CLOSE_BRACKET: "}"@26..27
      COLON: ":"@27..28
      WHITESPACE: " "@28..29
      DESCRIPTION@29..39 {
        TEXT_LINE: "The value."@29..39
      }
    }
  }
}
=== EMIT ===
Summary.

Args:
    x (int): The value.
