=== CST ===
GOOGLE_DOCSTRING@0..49 {
  SUMMARY: "Summary."@0..8
  GOOGLE_SECTION@10..49 {
    GOOGLE_SECTION_HEADER@10..15 {
      NAME: "Args"@10..14
      COLON: ":"@14..15
    }
    GOOGLE_ARG@20..49 {
      NAME: "items"@20..25
      OPEN_BRACKET: "["@26..27
      TYPE: "List[int]"@27..36
      CLOSE_BRACKET: "]"@36..37
      COLON: ":"@37..38
      DESCRIPTION: "The items."@39..49
    }
  }
}
=== EMIT ===
Summary.

Args:
    items (List[int]): The items.
