=== CST ===
GOOGLE_DOCSTRING@0..110 {
  SUMMARY@0..8 {
    TEXT_LINE: "Summary."@0..8
  }
  NEWLINE: "\n"@8..9
  BLANK_LINE: "\n"@9..10
  GOOGLE_SECTION@10..110 {
    GOOGLE_SECTION_HEADER@10..27 {
      NAME: "Other Parameters"@10..26
      COLON: ":"@26..27
    }
    NEWLINE: "\n"@27..28
    WHITESPACE: "    "@28..32
    GOOGLE_ARG@32..64 {
      NAME: "debug"@32..37
      WHITESPACE: " "@37..38
      OPEN_BRACKET: "("@38..39
      TYPE: "bool"@39..43
      CLOSE_BRACKET: ")"@43..44
      COLON: ":"@44..45
      WHITESPACE: " "@45..46
      DESCRIPTION@46..64 {
        TEXT_LINE: "Enable debug mode."@46..64
      }
    }
    NEWLINE: "\n"@64..65
    WHITESPACE: "    "@65..69
    GOOGLE_ARG@69..110 {
      NAME: "verbose"@69..76
      WHITESPACE: " "@76..77
      OPEN_BRACKET: "("@77..78
      TYPE: "bool"@78..82
      COMMA: ","@82..83
      WHITESPACE: " "@83..84
      OPTIONAL: "optional"@84..92
      CLOSE_BRACKET: ")"@92..93
      COLON: ":"@93..94
      WHITESPACE: " "@94..95
      DESCRIPTION@95..110 {
        TEXT_LINE: "Verbose output."@95..110
      }
    }
  }
}
=== EMIT ===
Summary.

Other Parameters:
    debug (bool): Enable debug mode.
    verbose (bool, optional): Verbose output.
