=== CST ===
DOCUMENT@0..56 {
  SUMMARY@0..8 {
    TEXT_LINE: "Summary."@0..8
  }
  NEWLINE: "\n"@8..9
  BLANK_LINE: "\n"@9..10
  SECTION@10..56 {
    SECTION_HEADER@10..19 {
      NAME: "Receives"@10..18
      COLON: ":"@18..19
    }
    NEWLINE: "\n"@19..20
    WHITESPACE: "    "@20..24
    ENTRY@24..56 {
      NAME: "data"@24..28
      WHITESPACE: " "@28..29
      OPEN_BRACKET: "("@29..30
      TYPE: "bytes"@30..35
      CLOSE_BRACKET: ")"@35..36
      COLON: ":"@36..37
      WHITESPACE: " "@37..38
      DESCRIPTION@38..56 {
        TEXT_LINE: "The received data."@38..56
      }
    }
  }
}
=== EMIT ===
Summary.

Receives:
    data (bytes): The received data.
