=== CST ===
GOOGLE_DOCSTRING@0..407 {
  SUMMARY: "Summary."@0..8
  NEWLINE: "\n"@8..9
  BLANK_LINE: "\n"@9..10
  GOOGLE_SECTION@10..56 {
    GOOGLE_SECTION_HEADER@10..20 {
      NAME: "Attention"@10..19
      COLON: ":"@19..20
    }
    NEWLINE: "\n"@20..21
    WHITESPACE: "    "@21..25
    BODY_TEXT: "This requires careful handling."@25..56
  }
  NEWLINE: "\n"@56..57
  BLANK_LINE: "\n"@57..58
  GOOGLE_SECTION@58..85 {
    GOOGLE_SECTION_HEADER@58..66 {
      NAME: "Caution"@58..65
      COLON: ":"@65..66
    }
    NEWLINE: "\n"@66..67
    WHITESPACE: "    "@67..71
    BODY_TEXT: "Use with care."@71..85
  }
  NEWLINE: "\n"@85..86
  BLANK_LINE: "\n"@86..87
  GOOGLE_SECTION@87..119 {
    GOOGLE_SECTION_HEADER@87..94 {
      NAME: "Danger"@87..93
      COLON: ":"@93..94
    }
    NEWLINE: "\n"@94..95
    WHITESPACE: "    "@95..99
    BODY_TEXT: "May cause data loss."@99..119
  }
  NEWLINE: "\n"@119..120
  BLANK_LINE: "\n"@120..121
  GOOGLE_SECTION@121..162 {
    GOOGLE_SECTION_HEADER@121..127 {
      NAME: "Error"@121..126
      COLON: ":"@126..127
    }
    NEWLINE: "\n"@127..128
    WHITESPACE: "    "@128..132
    BODY_TEXT: "Known issue with large inputs."@132..162
  }
  NEWLINE: "\n"@162..163
  BLANK_LINE: "\n"@163..164
  GOOGLE_SECTION@164..205 {
    GOOGLE_SECTION_HEADER@164..169 {
      NAME: "Hint"@164..168
      COLON: ":"@168..169
    }
    NEWLINE: "\n"@169..170
    WHITESPACE: "    "@170..174
    BODY_TEXT: "Try using a smaller batch size."@174..205
  }
  NEWLINE: "\n"@205..206
  BLANK_LINE: "\n"@206..207
  GOOGLE_SECTION@207..251 {
    GOOGLE_SECTION_HEADER@207..217 {
      NAME: "Important"@207..216
      COLON: ":"@216..217
    }
    NEWLINE: "\n"@217..218
    WHITESPACE: "    "@218..222
    BODY_TEXT: "Must be called before init()."@222..251
  }
  NEWLINE: "\n"@251..252
  BLANK_LINE: "\n"@252..253
  GOOGLE_SECTION@253..278 {
    GOOGLE_SECTION_HEADER@253..258 {
      NAME: "Note"@253..257
      COLON: ":"@257..258
    }
    NEWLINE: "\n"@258..259
    WHITESPACE: "    "@259..263
    BODY_TEXT: "This is a note."@263..278
  }
  NEWLINE: "\n"@278..279
  BLANK_LINE: "\n"@279..280
  GOOGLE_SECTION@280..325 {
    GOOGLE_SECTION_HEADER@280..284 {
      NAME: "Tip"@280..283
      COLON: ":"@283..284
    }
    NEWLINE: "\n"@284..285
    WHITESPACE: "    "@285..289
    BODY_TEXT: "Use vectorized operations for speed."@289..325
  }
  NEWLINE: "\n"@325..326
  BLANK_LINE: "\n"@326..327
  GOOGLE_SECTION@327..369 {
    GOOGLE_SECTION_HEADER@327..336 {
      NAME: "Warnings"@327..335
      COLON: ":"@335..336
    }
    NEWLINE: "\n"@336..337
    WHITESPACE: "    "@337..341
    BODY_TEXT: "This function is deprecated."@341..369
  }
  NEWLINE: "\n"@369..370
  BLANK_LINE: "\n"@370..371
  GOOGLE_SECTION@371..407 {
    GOOGLE_SECTION_HEADER@371..382 {
      NAME: "References"@371..381
      COLON: ":"@381..382
    }
    NEWLINE: "\n"@382..383
    WHITESPACE: "    "@383..387
    GOOGLE_REFERENCE@387..407 {
      CONTENT: "Author, Title, 2024."@387..407
    }
  }
}
=== EMIT ===
Summary.

Attention:
    This requires careful handling.

Caution:
    Use with care.

Danger:
    May cause data loss.

Error:
    Known issue with large inputs.

Hint:
    Try using a smaller batch size.

Important:
    Must be called before init().

Notes:
    This is a note.

Tip:
    Use vectorized operations for speed.

Warnings:
    This function is deprecated.

References:
    Author, Title, 2024.
