=== CST ===
DOCUMENT@0..75 {
  SUMMARY@0..8 {
    TEXT_LINE: "Summary."@0..8
  }
  NEWLINE: "\n"@8..9
  BLANK_LINE: "\n"@9..10
  SECTION@10..75 {
    SECTION_HEADER@10..15 {
      NAME: "Todo"@10..14
      COLON: ":"@14..15
    }
    NEWLINE: "\n"@15..16
    WHITESPACE: "    "@16..20
    DESCRIPTION@20..75 {
      TEXT_LINE: "* Item one that"@20..35
      NEWLINE: "\n"@35..36
      WHITESPACE: "        "@36..44
      TEXT_LINE: "continues here."@44..59
      NEWLINE: "\n"@59..60
      WHITESPACE: "    "@60..64
      TEXT_LINE: "* Item two."@64..75
    }
  }
}
=== EMIT ===
Summary.

Todo:
    * Item one that
        continues here.
    * Item two.
