=== CST ===
GOOGLE_DOCSTRING@0..55 {
  SUMMARY@0..8 {
    TEXT_LINE: "Summary."@0..8
  }
  NEWLINE: "\n"@8..9
  BLANK_LINE: "\n"@9..10
  GOOGLE_SECTION@10..55 {
    GOOGLE_SECTION_HEADER@10..15 {
      NAME: "Todo"@10..14
      COLON: ":"@14..15
    }
    NEWLINE: "\n"@15..16
    WHITESPACE: "    "@16..20
    BODY_TEXT@20..55 {
      TEXT_LINE: "Implement feature X."@20..40
      NEWLINE: "\n"@40..41
      WHITESPACE: "    "@41..45
      TEXT_LINE: "Fix bug Y."@45..55
    }
  }
}
=== EMIT ===
Summary.

Todo:
    Implement feature X.
    Fix bug Y.
