=== CST ===
GOOGLE_DOCSTRING@0..55 {
  SUMMARY: "Summary."@0..8
  GOOGLE_SECTION@10..55 {
    GOOGLE_SECTION_HEADER@10..15 {
      NAME: "Todo"@10..14
      COLON: ":"@14..15
    }
    BODY_TEXT: "Implement feature X.\n    Fix bug Y."@20..55
  }
}
=== EMIT ===
Summary.

Todo:
    Implement feature X.
    Fix bug Y.
