=== CST ===
GOOGLE_DOCSTRING@0..46 {
  SUMMARY: "Summary."@0..8
  GOOGLE_SECTION@10..46 {
    GOOGLE_SECTION_HEADER@10..20 {
      NAME: "Attribute"@10..19
      COLON: ":"@19..20
    }
    GOOGLE_ATTRIBUTE@25..46 {
      NAME: "name"@25..29
      OPEN_BRACKET: "("@30..31
      TYPE: "str"@31..34
      CLOSE_BRACKET: ")"@34..35
      COLON: ":"@35..36
      DESCRIPTION: "The name."@37..46
    }
  }
}
=== EMIT ===
Summary.

Attributes:
    name (str): The name.
