=== CST ===
GOOGLE_DOCSTRING@0..51 {
  SUMMARY: "Summary."@0..8
  GOOGLE_SECTION@10..51 {
    GOOGLE_SECTION_HEADER@10..15 {
      NAME: "Hint"@10..14
      COLON: ":"@14..15
    }
    BODY_TEXT: "Try using a smaller batch size."@20..51
  }
}
=== EMIT ===
Summary.

Hint:
    Try using a smaller batch size.
