=== CST ===
GOOGLE_DOCSTRING@0..54 {
  SUMMARY: "Summary."@0..8
  GOOGLE_SECTION@10..54 {
    GOOGLE_SECTION_HEADER@10..20 {
      NAME: "Important"@10..19
      COLON: ":"@19..20
    }
    BODY_TEXT: "Must be called before init()."@25..54
  }
}
=== EMIT ===
Summary.

Important:
    Must be called before init().
