=== CST ===
GOOGLE_DOCSTRING@0..52 {
  SUMMARY: "Summary."@0..8
  GOOGLE_SECTION@10..52 {
    GOOGLE_SECTION_HEADER@10..28 {
      NAME: "Keyword Arguments"@10..27
      COLON: ":"@27..28
    }
    GOOGLE_ARG@33..52 {
      NAME: "key"@33..36
      OPEN_BRACKET: "("@37..38
      TYPE: "str"@38..41
      CLOSE_BRACKET: ")"@41..42
      COLON: ":"@42..43
      DESCRIPTION: "The key."@44..52
    }
  }
}
=== EMIT ===
Summary.

Keyword Args:
    key (str): The key.
