=== CST ===
GOOGLE_DOCSTRING@0..41 {
  SUMMARY: "Summary."@0..8
  GOOGLE_SECTION@10..41 {
    GOOGLE_SECTION_HEADER@10..23 {
      NAME: "Keyword Args"@10..22
      COLON: ":"@22..23
    }
    GOOGLE_ARG@28..41 {
      NAME: "k"@28..29
      OPEN_BRACKET: "("@30..31
      TYPE: "str"@31..34
      CLOSE_BRACKET: ")"@34..35
      COLON: ":"@35..36
      DESCRIPTION: "Key."@37..41
    }
  }
}
=== EMIT ===
Summary.

Keyword Args:
    k (str): Key.
