=== CST ===
GOOGLE_DOCSTRING@0..32 {
  SUMMARY: "Summary."@3..11
  GOOGLE_SECTION@13..32 {
    GOOGLE_SECTION_HEADER@13..18 {
      NAME: "Args"@13..17
      COLON: ":"@17..18
    }
    GOOGLE_ARG@23..32 {
      NAME: "x"@23..24
      COLON: ":"@24..25
      DESCRIPTION: "Value."@26..32
    }
  }
}
=== EMIT ===
Summary.

Args:
    x: Value.
