=== CST ===
GOOGLE_DOCSTRING@0..39 {
  SUMMARY: "Summary."@0..8
  GOOGLE_SECTION@10..39 {
    GOOGLE_SECTION_HEADER@10..18 {
      NAME: "Methods"@10..17
      COLON: ":"@17..18
    }
    GOOGLE_METHOD@23..39 {
      NAME: "foo()"@23..28
      COLON: ":"@28..29
      DESCRIPTION: "Does bar."@30..39
    }
  }
}
=== EMIT ===
Summary.

Methods:
    foo(): Does bar.
