=== CST ===
GOOGLE_DOCSTRING@0..58 {
  SUMMARY: "Summary."@0..8
  GOOGLE_SECTION@10..58 {
    GOOGLE_SECTION_HEADER@10..17 {
      NAME: "Raises"@10..16
      COLON: ":"@16..17
    }
    GOOGLE_EXCEPTION@22..58 {
      TYPE: "ValueError"@22..32
      COLON: ":"@32..33
      DESCRIPTION: "If the input is invalid."@34..58
    }
  }
}
=== EMIT ===
Summary.

Raises:
    ValueError: If the input is invalid.
