=== CST ===
GOOGLE_DOCSTRING@0..41 {
  SUMMARY: "Summary."@0..8
  GOOGLE_SECTION@10..41 {
    GOOGLE_SECTION_HEADER@10..17 {
      NAME: "Raises"@10..16
      COLON: ":"@16..17
    }
    GOOGLE_EXCEPTION@22..41 {
      TYPE: "ValueError"@22..32
      COLON: ":"@32..33
      DESCRIPTION: "If bad."@34..41
    }
  }
}
=== EMIT ===
Summary.

Raises:
    ValueError: If bad.
