=== CST ===
GOOGLE_DOCSTRING@0..64 {
  SUMMARY: "Summary."@0..8
  GOOGLE_SECTION@10..35 {
    GOOGLE_SECTION_HEADER@10..15 {
      NAME: "Args"@10..14
      COLON: ":"@14..15
    }
    GOOGLE_ARG@20..35 {
      NAME: "x"@20..21
      OPEN_BRACKET: "("@22..23
      TYPE: "int"@23..26
      CLOSE_BRACKET: ")"@26..27
      COLON: ":"@27..28
      DESCRIPTION: "Value."@29..35
    }
  }
  GOOGLE_SECTION@37..64 {
    GOOGLE_SECTION_HEADER@37..45 {
      NAME: "Returns"@37..44
      COLON: ":"@44..45
    }
    GOOGLE_RETURNS@50..64 {
      RETURN_TYPE: "bool"@50..54
      COLON: ":"@54..55
      DESCRIPTION: "Success."@56..64
    }
  }
}
=== EMIT ===
Summary.

Args:
    x (int): Value.

Returns:
    bool: Success.
