=== CST ===
GOOGLE_DOCSTRING@0..55 {
  SUMMARY: "Summary."@0..8
  GOOGLE_SECTION@10..55 {
    GOOGLE_SECTION_HEADER@10..14 {
      NAME: "Tip"@10..13
      COLON: ":"@13..14
    }
    BODY_TEXT: "Use vectorized operations for speed."@19..55
  }
}
=== EMIT ===
Summary.

Tip:
    Use vectorized operations for speed.
