=== CST ===
GOOGLE_DOCSTRING@0..47 {
  SUMMARY: "Summary."@0..8
  GOOGLE_SECTION@10..47 {
    GOOGLE_SECTION_HEADER@10..15 {
      NAME: "Warn"@10..14
      COLON: ":"@14..15
    }
    GOOGLE_WARNING@20..47 {
      WARNING_TYPE: "FutureWarning"@20..33
      COLON: ":"@33..34
      DESCRIPTION: "Will change."@35..47
    }
  }
}
=== EMIT ===
Summary.

Warns:
    FutureWarning: Will change.
