=== CST ===
GOOGLE_DOCSTRING@0..52 {
  SUMMARY: "Summary."@0..8
  GOOGLE_SECTION@10..52 {
    GOOGLE_SECTION_HEADER@10..19 {
      NAME: "Warnings"@10..18
      COLON: ":"@18..19
    }
    BODY_TEXT: "This function is deprecated."@24..52
  }
}
=== EMIT ===
Summary.

Warnings:
    This function is deprecated.
