=== CST ===
DOCUMENT@0..51 {
  SUMMARY@0..8 {
    TEXT_LINE: "Summary."@0..8
  }
  NEWLINE: "\n"@8..9
  BLANK_LINE: "\n"@9..10
  SECTION@10..50 {
    SECTION_HEADER@10..31 {
      NAME: "Attributes"@10..20
      NEWLINE: "\n"@20..21
      UNDERLINE: "----------"@21..31
    }
    NEWLINE: "\n"@31..32
    ENTRY@32..50 {
      NAME: "name"@32..36
      NEWLINE: "\n"@36..37
      WHITESPACE: "    "@37..41
      DESCRIPTION@41..50 {
        TEXT_LINE: "The name."@41..50
      }
    }
  }
  NEWLINE: "\n"@50..51
}
=== EMIT ===
Summary.

Attributes
----------
name
    The name.
