=== CST ===
DOCUMENT@0..57 {
  SUMMARY@0..8 {
    TEXT_LINE: "Summary."@0..8
  }
  NEWLINE: "\n"@8..9
  BLANK_LINE: "\n"@9..10
  SECTION@10..56 {
    SECTION_HEADER@10..31 {
      NAME: "Attributes"@10..20
      NEWLINE: "\n"@20..21
      UNDERLINE: "----------"@21..31
    }
    NEWLINE: "\n"@31..32
    ENTRY@32..56 {
      NAME: "name"@32..36
      WHITESPACE: " "@36..37
      COLON: ":"@37..38
      WHITESPACE: " "@38..39
      TYPE: "str"@39..42
      NEWLINE: "\n"@42..43
      WHITESPACE: "    "@43..47
      DESCRIPTION@47..56 {
        TEXT_LINE: "The name."@47..56
      }
    }
  }
  NEWLINE: "\n"@56..57
}
=== EMIT ===
Summary.

Attributes
----------
name : str
    The name.
