=== CST ===
NUMPY_DOCSTRING@0..57 {
  SUMMARY: "Summary."@0..8
  NEWLINE: "\n"@8..9
  BLANK_LINE: "\n"@9..10
  NUMPY_SECTION@10..56 {
    NUMPY_SECTION_HEADER@10..31 {
      NAME: "Attributes"@10..20
      NEWLINE: "\n"@20..21
      UNDERLINE: "----------"@21..31
    }
    NEWLINE: "\n"@31..32
    NUMPY_ATTRIBUTE@32..56 {
      NAME: "name"@32..36
      WHITESPACE: " "@36..37
      COLON: ":"@37..38
      WHITESPACE: " "@38..39
      TYPE: "str"@39..42
      NEWLINE: "\n"@42..43
      WHITESPACE: "    "@43..47
      DESCRIPTION: "The name."@47..56
    }
  }
  NEWLINE: "\n"@56..57
}
=== EMIT ===
Summary.

Attributes
----------
name : str
    The name.
