=== CST ===
DOCUMENT@0..59 {
  SUMMARY@0..8 {
    TEXT_LINE: "Summary."@0..8
  }
  NEWLINE: "\n"@8..9
  BLANK_LINE: "\n"@9..10
  EXTENDED_SUMMARY@10..58 {
    TEXT_LINE: "CustomSection"@10..23
    NEWLINE: "\n"@23..24
    TEXT_LINE: "-------------"@24..37
    NEWLINE: "\n"@37..38
    TEXT_LINE: "Some custom content."@38..58
  }
  NEWLINE: "\n"@58..59
}
=== EMIT ===
Summary.

CustomSection
-------------
Some custom content.
