=== CST ===
NUMPY_DOCSTRING@0..59 {
  SUMMARY: "Summary."@0..8
  NEWLINE: "\n"@8..9
  BLANK_LINE: "\n"@9..10
  NUMPY_SECTION@10..58 {
    NUMPY_SECTION_HEADER@10..37 {
      NAME: "CustomSection"@10..23
      NEWLINE: "\n"@23..24
      UNDERLINE: "-------------"@24..37
    }
    NEWLINE: "\n"@37..38
    BODY_TEXT: "Some custom content."@38..58
  }
  NEWLINE: "\n"@58..59
}
=== EMIT ===
Summary.

CustomSection
-------------
Some custom content.
