=== CST ===
GOOGLE_DOCSTRING@0..88 {
  SUMMARY: "Summary."@0..8
  NEWLINE: "\n"@8..9
  BLANK_LINE: "\n"@9..10
  GOOGLE_DEPRECATION@10..57 {
    DIRECTIVE_MARKER: ".."@10..12
    WHITESPACE: " "@12..13
    KEYWORD: "deprecated"@13..23
    DOUBLE_COLON: "::"@23..25
    WHITESPACE: " "@25..26
    VERSION: "1.6.0"@26..31
    NEWLINE: "\n"@31..32
    WHITESPACE: "    "@32..36
    DESCRIPTION: "Use new_func instead."@36..57
  }
  NEWLINE: "\n"@57..58
  BLANK_LINE: "\n"@58..59
  GOOGLE_SECTION@59..88 {
    GOOGLE_SECTION_HEADER@59..64 {
      NAME: "Args"@59..63
      COLON: ":"@63..64
    }
    NEWLINE: "\n"@64..65
    WHITESPACE: "    "@65..69
    GOOGLE_ARG@69..88 {
      NAME: "x"@69..70
      WHITESPACE: " "@70..71
      OPEN_BRACKET: "("@71..72
      TYPE: "int"@72..75
      CLOSE_BRACKET: ")"@75..76
      COLON: ":"@76..77
      WHITESPACE: " "@77..78
      DESCRIPTION: "The value."@78..88
    }
  }
}
=== EMIT ===
Summary.

.. deprecated:: 1.6.0
    Use new_func instead.

Args:
    x (int): The value.
