=== CST ===
DOCUMENT@0..32 {
  BLANK_LINE: "\n"@0..1
  BLANK_LINE: "\n"@1..2
  BLANK_LINE: "\n"@2..3
  SUMMARY@3..11 {
    TEXT_LINE: "Summary."@3..11
  }
  NEWLINE: "\n"@11..12
  BLANK_LINE: "\n"@12..13
  SECTION@13..32 {
    SECTION_HEADER@13..18 {
      NAME: "Args"@13..17
      COLON: ":"@17..18
    }
    NEWLINE: "\n"@18..19
    WHITESPACE: "    "@19..23
    ENTRY@23..32 {
      NAME: "x"@23..24
      COLON: ":"@24..25
      WHITESPACE: " "@25..26
      DESCRIPTION@26..32 {
        TEXT_LINE: "Value."@26..32
      }
    }
  }
}
=== EMIT ===
Summary.

Args:
    x: Value.
