=== CST ===
DOCUMENT@0..83 {
  SUMMARY@0..14 {
    TEXT_LINE: "Brief summary."@0..14
  }
  NEWLINE: "\n"@14..15
  BLANK_LINE: "\n"@15..16
  EXTENDED_SUMMARY@16..83 {
    TEXT_LINE: "Extended description that provides"@16..50
    NEWLINE: "\n"@50..51
    TEXT_LINE: "more details about the function."@51..83
  }
}
=== EMIT ===
Brief summary.

Extended description that provides
more details about the function.
